<?xml version="1.0" encoding="UTF-8"?>
<report xmlns="http://www.eclipse.org/birt/2005/design" version="3.2.14" id="1">
    <cubes>
        <tabular-cube name="Cube_Test_1" id="5">
            <property name="dimensions">
                <tabular-dimension name="Customer" id="6">
                    <property name="defaultHierarchy">NewTabularHierarchy</property>
                    <property name="hierarchies">
                        <tabular-hierarchy name="NewTabularHierarchy" id="7"/>
                        <tabular-hierarchy name="Hierarchy" id="8">
                            <property name="levels">
                                <tabular-level name="CUSTOMER_SEX" id="9"/>
                                <tabular-level name="CUSTOMER_REGION" id="10"/>
                            </property>
                        </tabular-hierarchy>
                    </property>
                </tabular-dimension>
                <tabular-dimension name="Product" id="11">
                    <property name="defaultHierarchy">NewTabularHierarchy1</property>
                    <property name="hierarchies">
                        <tabular-hierarchy name="NewTabularHierarchy1" id="12"/>
                        <tabular-hierarchy name="Hierarchy2" id="13">
                            <property name="levels">
                                <tabular-level name="PRODUCT_TYPE" id="14"/>
                                <tabular-level name="PRODUCT_NAME" id="15"/>
                            </property>
                        </tabular-hierarchy>
                    </property>
                </tabular-dimension>
            </property>
            <property name="measureGroups">
                <tabular-measure-group name="measure group" id="16">
                    <property name="measures">
                        <tabular-measure name="QUANTITY_PRICE" id="17"/>
                        <tabular-measure name="QUANTITY" id="18"/>
                        <tabular-measure name="QUANTITY_NUMBER" id="19"/>
                        <tabular-measure name="QUANTITY_SIZE" id="20"/>
                    </property>
                </tabular-measure-group>
            </property>
        </tabular-cube>
    </cubes>
    <styles>
        <style name="crosstab" id="2">
            <property name="borderBottomColor">#CCCCCC</property>
            <property name="borderBottomStyle">solid</property>
            <property name="borderBottomWidth">1pt</property>
            <property name="borderLeftColor">#CCCCCC</property>
            <property name="borderLeftStyle">solid</property>
            <property name="borderLeftWidth">1pt</property>
            <property name="borderRightColor">#CCCCCC</property>
            <property name="borderRightStyle">solid</property>
            <property name="borderRightWidth">1pt</property>
            <property name="borderTopColor">#CCCCCC</property>
            <property name="borderTopStyle">solid</property>
            <property name="borderTopWidth">1pt</property>
        </style>
        <style name="BoxStyle" id="3">
            <property name="backgroundColor">#CCCCCC</property>
            <property name="fontFamily">Tahoma</property>
            <property name="fontSize">12pt</property>
            <property name="fontWeight">bold</property>
            <property name="fontStyle">italic</property>
            <property name="color">#CCCCCC</property>
            <property name="textLineThrough">line-through</property>
            <property name="textOverline">overline</property>
            <property name="textUnderline">underline</property>
            <property name="borderBottomColor">#CCCCCC</property>
            <property name="borderBottomStyle">solid</property>
            <property name="borderBottomWidth">1pt</property>
            <property name="borderLeftColor">#CCCCCC</property>
            <property name="borderLeftStyle">solid</property>
            <property name="borderLeftWidth">1pt</property>
            <property name="borderRightColor">#CCCCCC</property>
            <property name="borderRightStyle">solid</property>
            <property name="borderRightWidth">1pt</property>
            <property name="borderTopColor">#CCCCCC</property>
            <property name="borderTopStyle">solid</property>
            <property name="borderTopWidth">1pt</property>
            <property name="marginTop">10pt</property>
            <property name="marginLeft">10pt</property>
            <property name="marginBottom">10pt</property>
            <property name="marginRight">10pt</property>
            <property name="paddingTop">10pt</property>
            <property name="paddingLeft">10pt</property>
            <property name="paddingBottom">10pt</property>
            <property name="paddingRight">10pt</property>
            <property name="textAlign">center</property>
            <property name="verticalAlign">middle</property>
            <property name="pageBreakAfter">always</property>
            <property name="pageBreakBefore">always</property>
            <property name="pageBreakInside">avoid</property>
        </style>
        <style name="crosstab-cell" id="4">
            <property name="borderBottomColor">#CCCCCC</property>
            <property name="borderBottomStyle">solid</property>
            <property name="borderBottomWidth">1pt</property>
            <property name="borderLeftColor">#CCCCCC</property>
            <property name="borderLeftStyle">solid</property>
            <property name="borderLeftWidth">1pt</property>
            <property name="borderRightColor">#CCCCCC</property>
            <property name="borderRightStyle">solid</property>
            <property name="borderRightWidth">1pt</property>
            <property name="borderTopColor">#CCCCCC</property>
            <property name="borderTopStyle">solid</property>
            <property name="borderTopWidth">1pt</property>
        </style>
    </styles>
    <body>
        <extended-item extensionName="Crosstab" id="21">
            <property name="measures">
                <extended-item extensionName="MeasureView" id="22">
                	<property name="measure">QUANTITY_PRICE</property>
                	<property name="detail">
                		<extended-item extensionName="CrosstabCell" id="23"/>
                	</property>
                	<property name="aggregations">
                        <extended-item extensionName="AggregationCell" id="24">
                        	<property name="aggregationOnRow">CUSTOMER_SEX</property>
                        	<property name="aggregationOnColumn">CUSTOMER_REGION</property>
                        </extended-item>
                    </property>
                </extended-item>
            </property>
            <property name="cube">Cube_Test_1</property>
        </extended-item>
    </body>
</report>
